// Jest Snapshot v1, https://goo.gl/fbAQLP

exports[`default default 1`] = `
"\\"use strict\\";

var header = \\"h1pelf21\\";"
`;
